error: At least one argument must be a `WorldStateView`.
 --> tests/ui_fail/args_no_wsv.rs:4:12
  |
4 | fn execute(_wsv: &World) -> Result<(), ()> {
  |            ^^^^^^^^^^^^
